// Jest Snapshot v1, https://goo.gl/fbAQLP

exports[`PaintedButton Component PaintedButton Snapshot 1`] = `
<PaintedButton>
  <button
    className="painted-button"
    type="button"
  />
</PaintedButton>
`;
