// Jest Snapshot v1, https://goo.gl/fbAQLP

exports[`NoPaintedButton Component NoPaintedButton Snapshot 1`] = `
<NoPaintedButton>
  <button
    className="no-painted-button"
    type="button"
  />
</NoPaintedButton>
`;
