// Jest Snapshot v1, https://goo.gl/fbAQLP

exports[`Image Component Image Snapshot 1`] = `
<Image
  alt=""
  src=""
>
  <img
    alt=""
    src=""
  />
</Image>
`;
