// Jest Snapshot v1, https://goo.gl/fbAQLP

exports[`App Component check App input 1`] = `
<App>
  <div
    className="app"
  >
    <h1>
      Hello world!
    </h1>
    <button
      onClick={[Function]}
      type="button"
    >
      Test input click
    </button>
  </div>
</App>
`;
